## 1 ok -
> {"action":"state.set_interval","params":{"milliseconds":500}}
< 200 {"action":"state.set_interval","ok":true,"result":{"sample_interval_ms":500}}
## 2 invalid -
> {"action":"state.set_interval","params":{}}
< 400 {"action":"state.set_interval","error":{"code":"invalid_parameter","message":"milliseconds must be between 500 and 5000"},"ok":false}
## 3 ok -
> {"action":"state.set_interval","params":{"milliseconds":1000}}
< 200 {"action":"state.set_interval","ok":true,"result":{"sample_interval_ms":1000}}
## 4 invalid -
> {"action":"state.set_interval","params":{"milliseconds":499}}
< 400 {"action":"state.set_interval","error":{"code":"invalid_parameter","message":"milliseconds must be between 500 and 5000"},"ok":false}
## 5 ok -
> {"action":"state.set_interval","params":{"milliseconds":5000}}
< 200 {"action":"state.set_interval","ok":true,"result":{"sample_interval_ms":5000}}
## 6 invalid -
> {"action":"state.set_interval","params":{"milliseconds":5001}}
< 400 {"action":"state.set_interval","error":{"code":"invalid_parameter","message":"milliseconds must be between 500 and 5000"},"ok":false}
## 7 ok -
> {"action":"device.reboot","params":{}}
< 200 {"action":"device.reboot","ok":true,"result":{"result":"success"}}
## 8 fail *
> {"action":"device.reboot","params":{}}
< 502 {"action":"device.reboot","error":{"code":"device_call_failed","message":"<root>/tests/golden/fail_ubus.sh exited with exit status: 1"},"ok":false}
## 9 ok -
> {"action":"device.poweroff","params":{}}
< 200 {"action":"device.poweroff","ok":true,"result":{"result":"success"}}
## 10 fail *
> {"action":"device.poweroff","params":{}}
< 502 {"action":"device.poweroff","error":{"code":"device_call_failed","message":"<root>/tests/golden/fail_ubus.sh exited with exit status: 1"},"ok":false}
## 11 ok -
> {"action":"cellular.set","params":{"roaming":1}}
< 200 {"action":"cellular.set","ok":true,"result":{"result":"success"}}
## 12 invalid -
> {"action":"cellular.set","params":{}}
< 400 {"action":"cellular.set","error":{"code":"invalid_parameter","message":"no cellular fields supplied"},"ok":false}
## 13 fail *
> {"action":"cellular.set","params":{"roaming":1}}
< 502 {"action":"cellular.set","error":{"code":"device_call_failed","message":"<root>/tests/golden/fail_ubus.sh exited with exit status: 1"},"ok":false}
## 14 ok -
> {"action":"network.set_mode","params":{"mode":"WL_AND_5G"}}
< 200 {"action":"network.set_mode","ok":true,"result":{"result":"success"}}
## 15 invalid -
> {"action":"network.set_mode","params":{}}
< 400 {"action":"network.set_mode","error":{"code":"invalid_parameter","message":"missing parameter: mode"},"ok":false}
## 16 fail *
> {"action":"network.set_mode","params":{"mode":"WL_AND_5G"}}
< 502 {"action":"network.set_mode","error":{"code":"device_call_failed","message":"<root>/tests/golden/fail_ubus.sh exited with exit status: 1"},"ok":false}
## 17 ok -
> {"action":"band.set_lte","params":{"bands":"1,3,8"}}
< 200 {"action":"band.set_lte","ok":true,"result":{"result":"success"}}
## 18 invalid -
> {"action":"band.set_lte","params":{"bands":"1;reboot"}}
< 400 {"action":"band.set_lte","error":{"code":"invalid_parameter","message":"bands must contain only numbers and commas"},"ok":false}
## 19 fail *
> {"action":"band.set_lte","params":{"bands":"1,3,8"}}
< 502 {"action":"band.set_lte","error":{"code":"device_call_failed","message":"<root>/tests/golden/fail_ubus.sh exited with exit status: 1"},"ok":false}
## 20 ok -
> {"action":"band.set_nr_sa","params":{"bands":"78"}}
< 200 {"action":"band.set_nr_sa","ok":true,"result":{"result":"success"}}
## 21 invalid -
> {"action":"band.set_nr_sa","params":{"bands":"x"}}
< 400 {"action":"band.set_nr_sa","error":{"code":"invalid_parameter","message":"bands must contain only numbers and commas"},"ok":false}
## 22 fail *
> {"action":"band.set_nr_sa","params":{"bands":"78"}}
< 502 {"action":"band.set_nr_sa","error":{"code":"device_call_failed","message":"<root>/tests/golden/fail_ubus.sh exited with exit status: 1"},"ok":false}
## 23 ok -
> {"action":"band.set_nr_nsa","params":{"bands":"41,78"}}
< 200 {"action":"band.set_nr_nsa","ok":true,"result":{"result":"success"}}
## 24 invalid -
> {"action":"band.set_nr_nsa","params":{"bands":7}}
< 400 {"action":"band.set_nr_nsa","error":{"code":"invalid_parameter","message":"bands must be a string"},"ok":false}
## 25 fail *
> {"action":"band.set_nr_nsa","params":{"bands":"41,78"}}
< 502 {"action":"band.set_nr_nsa","error":{"code":"device_call_failed","message":"<root>/tests/golden/fail_ubus.sh exited with exit status: 1"},"ok":false}
## 26 ok -
> {"action":"cell.lock_lte","params":{"pci":"100","earfcn":"1850"}}
< 200 {"action":"cell.lock_lte","ok":true,"result":{"result":"success"}}
## 27 invalid -
> {"action":"cell.lock_lte","params":{"pci":"100"}}
< 400 {"action":"cell.lock_lte","error":{"code":"invalid_parameter","message":"missing parameter: earfcn"},"ok":false}
## 28 fail *
> {"action":"cell.lock_lte","params":{"pci":"100","earfcn":"1850"}}
< 502 {"action":"cell.lock_lte","error":{"code":"device_call_failed","message":"<root>/tests/golden/fail_ubus.sh exited with exit status: 1"},"ok":false}
## 29 ok -
> {"action":"cell.lock_nr","params":{"pci":"200","arfcn":"627264","band":"78"}}
< 200 {"action":"cell.lock_nr","ok":true,"result":{"result":"success"}}
## 30 invalid -
> {"action":"cell.lock_nr","params":{"pci":1}}
< 400 {"action":"cell.lock_nr","error":{"code":"invalid_parameter","message":"pci must be a string"},"ok":false}
## 31 fail *
> {"action":"cell.lock_nr","params":{"pci":"200","arfcn":"627264","band":"78"}}
< 502 {"action":"cell.lock_nr","error":{"code":"device_call_failed","message":"<root>/tests/golden/fail_ubus.sh exited with exit status: 1"},"ok":false}
## 32 ok -
> {"action":"band.reset","params":{}}
< 200 {"action":"band.reset","ok":true,"result":{"result":"success"}}
## 33 fail *
> {"action":"band.reset","params":{}}
< 502 {"action":"band.reset","error":{"code":"device_call_failed","message":"<root>/tests/golden/fail_ubus.sh exited with exit status: 1"},"ok":false}
## 34 ok -
> {"action":"wifi.set_module","params":{"enabled":1}}
< 200 {"action":"wifi.set_module","ok":true,"result":{"result":"success"}}
## 35 invalid -
> {"action":"wifi.set_module","params":{"enabled":"on"}}
< 400 {"action":"wifi.set_module","error":{"code":"invalid_parameter","message":"enabled must be an integer"},"ok":false}
## 36 fail *
> {"action":"wifi.set_module","params":{"enabled":1}}
< 502 {"action":"wifi.set_module","error":{"code":"device_call_failed","message":"<root>/tests/golden/fail_ubus.sh exited with exit status: 1"},"ok":false}
## 37 ok -
> {"action":"lan.set","params":{"dhcp_start":"192.168.0.100"}}
< 200 {"action":"lan.set","ok":true,"result":{"result":"success"}}
## 38 invalid -
> {"action":"lan.set","params":{}}
< 400 {"action":"lan.set","error":{"code":"invalid_parameter","message":"no fields supplied"},"ok":false}
## 39 fail *
> {"action":"lan.set","params":{"dhcp_start":"192.168.0.100"}}
< 502 {"action":"lan.set","error":{"code":"device_call_failed","message":"<root>/tests/golden/fail_ubus.sh exited with exit status: 1"},"ok":false}
## 40 ok -
> {"action":"power.direct_supply.set","params":{"enabled":false}}
< 502 {"action":"power.direct_supply.set","error":{"code":"device_call_failed","message":"direct supply is not supported or state is unknown"},"ok":false}
## 41 invalid -
> {"action":"power.direct_supply.set","params":{"enabled":"x"}}
< 400 {"action":"power.direct_supply.set","error":{"code":"invalid_parameter","message":"enabled must be boolean"},"ok":false}
## 42 fail *
> {"action":"power.direct_supply.set","params":{"enabled":false}}
< 502 {"action":"power.direct_supply.set","error":{"code":"device_call_failed","message":"<root>/tests/golden/fail_ubus.sh exited with exit status: 1"},"ok":false}
## 43 ok -
> {"action":"usb.set","params":{"mode":"rndis"}}
< 200 {"action":"usb.set","ok":true,"result":{"result":"success"}}
## 44 invalid -
> {"action":"usb.set","params":{}}
< 400 {"action":"usb.set","error":{"code":"invalid_parameter","message":"no fields supplied"},"ok":false}
## 45 fail *
> {"action":"usb.set","params":{"mode":"rndis"}}
< 502 {"action":"usb.set","error":{"code":"device_call_failed","message":"<root>/tests/golden/fail_ubus.sh exited with exit status: 1"},"ok":false}
## 46 ok -
> {"action":"nfc.set","params":{"enabled":1}}
< 200 {"action":"nfc.set","ok":true,"result":{"result":"success"}}
## 47 invalid -
> {"action":"nfc.set","params":{"enabled":"on"}}
< 400 {"action":"nfc.set","error":{"code":"invalid_parameter","message":"enabled must be an integer"},"ok":false}
## 48 fail *
> {"action":"nfc.set","params":{"enabled":1}}
< 502 {"action":"nfc.set","error":{"code":"device_call_failed","message":"<root>/tests/golden/fail_ubus.sh exited with exit status: 1"},"ok":false}
## 49 ok -
> {"action":"apn.set_mode","params":{"mode":0}}
< 200 {"action":"apn.set_mode","ok":true,"result":{"result":"success"}}
## 50 invalid -
> {"action":"apn.set_mode","params":{}}
< 400 {"action":"apn.set_mode","error":{"code":"invalid_parameter","message":"missing parameter: mode"},"ok":false}
## 51 fail *
> {"action":"apn.set_mode","params":{"mode":0}}
< 502 {"action":"apn.set_mode","error":{"code":"device_call_failed","message":"<root>/tests/golden/fail_ubus.sh exited with exit status: 1"},"ok":false}
## 52 ok -
> {"action":"apn.add","params":{"name":"golden","apn":"internet","auth_mode":0}}
< 200 {"action":"apn.add","ok":true,"result":{"result":"success"}}
## 53 invalid -
> {"action":"apn.add","params":{}}
< 400 {"action":"apn.add","error":{"code":"invalid_parameter","message":"missing parameter: name"},"ok":false}
## 54 fail *
> {"action":"apn.add","params":{"name":"golden","apn":"internet","auth_mode":0}}
< 502 {"action":"apn.add","error":{"code":"device_call_failed","message":"<root>/tests/golden/fail_ubus.sh exited with exit status: 1"},"ok":false}
## 55 ok -
> {"action":"apn.modify","params":{"profile_id":"2","name":"golden","apn":"internet2","auth_mode":0}}
< 200 {"action":"apn.modify","ok":true,"result":{"result":"success"}}
## 56 invalid -
> {"action":"apn.modify","params":{"name":"golden"}}
< 400 {"action":"apn.modify","error":{"code":"invalid_parameter","message":"missing parameter: profile_id"},"ok":false}
## 57 fail *
> {"action":"apn.modify","params":{"profile_id":"2","name":"golden","apn":"internet2","auth_mode":0}}
< 502 {"action":"apn.modify","error":{"code":"device_call_failed","message":"<root>/tests/golden/fail_ubus.sh exited with exit status: 1"},"ok":false}
## 58 ok -
> {"action":"apn.delete","params":{"profile_id":"2"}}
< 200 {"action":"apn.delete","ok":true,"result":{"result":"success"}}
## 59 invalid -
> {"action":"apn.delete","params":{}}
< 400 {"action":"apn.delete","error":{"code":"invalid_parameter","message":"missing parameter: profile_id"},"ok":false}
## 60 fail *
> {"action":"apn.delete","params":{"profile_id":"2"}}
< 502 {"action":"apn.delete","error":{"code":"device_call_failed","message":"<root>/tests/golden/fail_ubus.sh exited with exit status: 1"},"ok":false}
## 61 ok -
> {"action":"apn.enable","params":{"profile_id":"1"}}
< 200 {"action":"apn.enable","ok":true,"result":{"result":"success"}}
## 62 invalid -
> {"action":"apn.enable","params":{}}
< 400 {"action":"apn.enable","error":{"code":"invalid_parameter","message":"missing parameter: profile_id"},"ok":false}
## 63 fail *
> {"action":"apn.enable","params":{"profile_id":"1"}}
< 502 {"action":"apn.enable","error":{"code":"device_call_failed","message":"<root>/tests/golden/fail_ubus.sh exited with exit status: 1"},"ok":false}
## 64 ok -
> {"action":"sms.delete","params":{"ids":"1;2"}}
< 200 {"action":"sms.delete","ok":true,"result":{"result":"success"}}
## 65 invalid -
> {"action":"sms.delete","params":{}}
< 400 {"action":"sms.delete","error":{"code":"invalid_parameter","message":"missing parameter: ids"},"ok":false}
## 66 fail *
> {"action":"sms.delete","params":{"ids":"1;2"}}
< 502 {"action":"sms.delete","error":{"code":"device_call_failed","message":"<root>/tests/golden/fail_ubus.sh exited with exit status: 1"},"ok":false}
## 67 ok -
> {"action":"sms.mark_read","params":{"ids":"1","tag":0}}
< 200 {"action":"sms.mark_read","ok":true,"result":{"result":"success"}}
## 68 invalid -
> {"action":"sms.mark_read","params":{}}
< 400 {"action":"sms.mark_read","error":{"code":"invalid_parameter","message":"missing parameter: ids"},"ok":false}
## 69 fail *
> {"action":"sms.mark_read","params":{"ids":"1","tag":0}}
< 502 {"action":"sms.mark_read","error":{"code":"device_call_failed","message":"<root>/tests/golden/fail_ubus.sh exited with exit status: 1"},"ok":false}
## 70 ok -
> {"action":"sms.send_raw","params":{"sender":"host","number":"10086","message_hex":"6D4B8BD5","sms_time":"26;08;27;04;00;00;+;0"}}
< 200 {"action":"sms.send_raw","ok":true,"result":{"sender":"host","status":3}}
## 71 invalid -
> {"action":"sms.send_raw","params":{"sender":"host"}}
< 400 {"action":"sms.send_raw","error":{"code":"invalid_parameter","message":"missing SMS parameters"},"ok":false}
## 72 fail *
> {"action":"sms.send_raw","params":{"sender":"host","number":"10086","message_hex":"6D4B8BD5","sms_time":"26;08;27;04;00;00;+;0"}}
< 502 {"action":"sms.send_raw","error":{"code":"device_call_failed","message":"<root>/tests/golden/fail_ubus.sh exited with exit status: 1"},"ok":false}
## 73 ok -
> {"action":"sms.list_after","params":{"after_id":0,"limit":5}}
< 200 {"action":"sms.list_after","ok":true,"result":{"has_more":false,"items":[{"content":"6D4B8BD5","date":"26,08,27,04,00,00,+,0","id":7,"number":"10086","tag":"1"}]}}
## 74 invalid -
> {"action":"sms.list_after","params":{"after_id":"x"}}
< 400 {"action":"sms.list_after","error":{"code":"invalid_parameter","message":"after_id must be a non-negative integer"},"ok":false}
## 75 fail *
> {"action":"sms.list_after","params":{"after_id":0,"limit":5}}
< 502 {"action":"sms.list_after","error":{"code":"device_call_failed","message":"mem_store 1: <root>/tests/golden/fail_ubus.sh exited with exit status: 1"},"ok":false}
## 76 unknown -
> {"action":"fixture.unknown","params":{}}
< 404 {"action":"fixture.unknown","error":{"code":"unknown_action","message":"unsupported control action"},"ok":false}
## 77 no-action -
> {"params":{}}
< 400 {"error":{"code":"invalid_request","message":"missing action"},"ok":false}
## 78 bad-json -
> {"action":
< 400 {"error":{"code":"invalid_request","message":"request body must be valid JSON"},"ok":false}
## 79 params-not-object -
> {"action":"device.reboot","params":[]}
< 400 {"action":"device.reboot","error":{"code":"invalid_request","message":"params must be a JSON object"},"ok":false}
